// Jest Snapshot v1, https://goo.gl/fbAQLP

exports[`StyledButton should render StyledButton component 1`] = `
.c0 {
  width: 320px;
  height: 70px;
  font-size: 30px;
  border: 1px solid white;
  color: white;
  display: -webkit-box;
  display: -webkit-flex;
  display: -ms-flexbox;
  display: flex;
  -webkit-align-items: center;
  -webkit-box-align: center;
  -ms-flex-align: center;
  align-items: center;
  padding: 0 12px 0 12px;
  margin-bottom: 10px;
  -webkit-transition: 0.3s;
  transition: 0.3s;
}

.c0 span {
  margin: 0 auto 0 10px;
}

.c0 svg.MuiSvgIcon-root {
  font-size: 20px;
}

.c0:hover {
  background: rgb(255,255,255,0.1);
}

<a
  href="/category/test"
>
  <div
    class="c0"
  >
    <img
      alt="Test"
      height="54"
      width="54"
    />
    <span>
      Test
    </span>
    <svg
      aria-hidden="true"
      class="MuiSvgIcon-root"
      focusable="false"
      viewBox="0 0 24 24"
    >
      <path
        d="M5.88 4.12L13.76 12l-7.88 7.88L8 22l10-10L8 2z"
      />
    </svg>
  </div>
</a>
`;
