// Jest Snapshot v1, https://goo.gl/fbAQLP

exports[`Footer should render Footer component 1`] = `
<div
  class="Footer__StyledFooter-sc-15feby7-0 hcXInE footer"
>
  <img
    alt="Logo"
    height="44"
    src="logo.png"
  />
  <a
    href="https://www.capco.com/"
    rel="noreferrer"
    target="_blank"
  >
    Capco @
    2023
  </a>
  <div>
    All Rights Reserved
  </div>
</div>
`;
