// Jest Snapshot v1, https://goo.gl/fbAQLP

exports[`ProjectPage when techology is React it should render ProjectPage component 1`] = `
<div
  class="styles__Wrapper-sc-azja3a-0 bzpueU"
>
  <div
    class="MuiContainer-root MuiContainer-maxWidthMd"
  >
    <button
      class="styles__StyledBackButton-sc-1t7dby2-1 irAvQb"
    >
      <svg
        aria-hidden="true"
        class="MuiSvgIcon-root"
        focusable="false"
        viewBox="0 0 24 24"
      >
        <path
          d="M15.41 7.41L14 6l-6 6 6 6 1.41-1.41L10.83 12z"
        />
      </svg>
      Back
    </button>
    <div
      class="styles__Title-sc-azja3a-2 cpmuRv"
    >
      Projects
    </div>
    <svg
      class="tech-icon"
      viewBox="0 0 80 80"
    >
      <circle
        cx="40"
        cy="40"
        fill="white"
        r="40"
      />
      <image
        height="50"
        href=""
        width="50"
        x="15"
        y="15"
      />
    </svg>
    <div
      class="styles__ContentBody-sc-azja3a-1 fCkuSW"
    >
      <div
        class="styles__StyledTabs-sc-gdc602-0 eZgCjI"
      >
        <div
          class="MuiBox-root css-1gsv261"
        >
          <div
            class="MuiTabs-root css-1ujnqem-MuiTabs-root"
          >
            <div
              class="MuiTabs-scroller MuiTabs-fixed css-jpln7h-MuiTabs-scroller"
              style="overflow: hidden; margin-bottom: 0px;"
            >
              <div
                aria-label="Project tabs"
                class="MuiTabs-flexContainer MuiTabs-centered css-1wf8b0h-MuiTabs-flexContainer"
                role="tablist"
              >
                <button
                  aria-controls="mui-p-58332-P-1"
                  aria-selected="true"
                  class="MuiButtonBase-root MuiTab-root MuiTab-textColorPrimary Mui-selected css-1h9z7r5-MuiButtonBase-root-MuiTab-root"
                  id="mui-p-58332-T-1"
                  role="tab"
                  tabindex="0"
                  type="button"
                >
                  Client Projects (1)
                  <span
                    class="MuiTouchRipple-root css-8je8zh-MuiTouchRipple-root"
                  />
                </button>
                <button
                  aria-controls="mui-p-58332-P-2"
                  aria-selected="false"
                  class="MuiButtonBase-root Mui-disabled MuiTab-root MuiTab-textColorPrimary Mui-disabled css-1h9z7r5-MuiButtonBase-root-MuiTab-root"
                  disabled=""
                  id="mui-p-58332-T-2"
                  role="tab"
                  tabindex="-1"
                  type="button"
                >
                  Capco OSS Projects (0)
                </button>
              </div>
              <span
                class="MuiTabs-indicator css-1aquho2-MuiTabs-indicator"
                style="left: 0px; width: 0px;"
              />
            </div>
          </div>
        </div>
        <div
          aria-labelledby="mui-p-58332-T-1"
          class="MuiTabPanel-root css-13xfq8m-MuiTabPanel-root"
          id="mui-p-58332-P-1"
          role="tabpanel"
        >
          <div
            class="styles__StyledWrapper-sc-1pgv985-0 kuStYb"
            data-test-id="project-0"
          >
            <div>
              <div
                class="project-image-wrapper"
              >
                <img
                  alt="computer screen"
                  class="project-image"
                  src="CL3.png"
                />
              </div>
              <div
                class="row-wrapper"
              >
                <div
                  class="heading"
                >
                  Mobile Banking Remediation
                </div>
                <div
                  class="project-tag"
                >
                  Global Tier 1 Bank
                </div>
              </div>
              <div
                class="text"
              >
                Capco performed a holistic assessment of the clientâ€™s current mobile applications, architectures, development standards and implementation.  Our team set new standards, implemented coding design principles, deployed a new DevOps pipeline, implemented automation testing and restructured and refactored the current applications, reducing development time/cost which significantly increased customer app ratings.
              </div>
              <div
                class="heading"
              >
                Key Technologies
              </div>
              <div
                class="technologies"
              >
                <span>
                  <a
                    class="projectTech-link"
                    href="/technology/mobile/swift"
                  >
                    <svg
                      class="icon"
                      viewBox="0 0 80 80"
                    >
                      <circle
                        cx="40"
                        cy="40"
                        fill="white"
                        r="40"
                      />
                      <image
                        height="50"
                        href="https://img.icons8.com/fluent/452/swift.png"
                        width="50"
                        x="15"
                        y="15"
                      />
                    </svg>
                    <div>
                      Swift
                    </div>
                  </a>
                </span>
                <span>
                  <a
                    class="projectTech-link"
                    href="/technology/backend/kotlin"
                  >
                    <svg
                      class="icon"
                      viewBox="0 0 80 80"
                    >
                      <circle
                        cx="40"
                        cy="40"
                        fill="white"
                        r="40"
                      />
                      <image
                        height="50"
                        href="https://raw.githubusercontent.com/capcodigital/presentation-logos/master/tech-radar/backend/kotlin_square.png"
                        width="50"
                        x="15"
                        y="15"
                      />
                    </svg>
                    <div>
                      Kotlin
                    </div>
                  </a>
                </span>
                <span>
                  <a
                    class="projectTech-link"
                    href="/technology/devops/jenkins"
                  >
                    <svg
                      class="icon"
                      viewBox="0 0 80 80"
                    >
                      <circle
                        cx="40"
                        cy="40"
                        fill="white"
                        r="40"
                      />
                      <image
                        height="50"
                        href="https://raw.githubusercontent.com/capcodigital/presentation-logos/master/tech-radar/devops/jenkins_square.png"
                        width="50"
                        x="15"
                        y="15"
                      />
                    </svg>
                    <div>
                      Jenkins
                    </div>
                  </a>
                </span>
              </div>
            </div>
          </div>
        </div>
        <div
          aria-labelledby="mui-p-58332-T-2"
          class="MuiTabPanel-root css-13xfq8m-MuiTabPanel-root"
          hidden=""
          id="mui-p-58332-P-2"
          role="tabpanel"
        />
      </div>
    </div>
  </div>
</div>
`;
